bundle : 
строка:1 знак:69
+ ... V = "test"; bundle exec rspec 2>&1 > C:\Projects\ruby-donate\test_out ...
+                 ~~~~~~~~~~~~~~~~~~~~~~~~~~~~~~~~~~~~~~~~~~~~~~~~~~~~~~~~~
    + CategoryInfo          : NotSpecified: (:String) [], RemoteException
    + FullyQualifiedErrorId : NativeCommandError
 
(process:14012): VIPS-WARNING **: 12:15:42.335: unable to load "C:\Ruby34-x64\msys64\ucrt64/lib/vips-modules-8.17\vips-
heif.dll" -- 'C:\Ruby34-x64\msys64\ucrt64/lib/vips-modules-8.17\vips-heif.dll': ╨Э╨╡ ╨╜╨░╨╣╨┤╨╡╨╜ ╤Г╨║╨░╨╖╨░╨╜╨╜╤Л╨╣ ╨╝
╨╛╨┤╤Г╨╗╤М.

(process:14012): VIPS-WARNING **: 12:15:42.335: unable to load "C:\Ruby34-x64\msys64\ucrt64/lib/vips-modules-8.17\vips-
jxl.dll" -- 'C:\Ruby34-x64\msys64\ucrt64/lib/vips-modules-8.17\vips-jxl.dll': ╨Э╨╡ ╨╜╨░╨╣╨┤╨╡╨╜ ╤Г╨║╨░╨╖╨░╨╜╨╜╤Л╨╣ ╨╝╨╛
╨┤╤Г╨╗╤М.

(process:14012): VIPS-WARNING **: 12:15:42.336: unable to load "C:\Ruby34-x64\msys64\ucrt64/lib/vips-modules-8.17\vips-
magick.dll" -- 'C:\Ruby34-x64\msys64\ucrt64/lib/vips-modules-8.17\vips-magick.dll': ╨Э╨╡ ╨╜╨░╨╣╨┤╨╡╨╜ ╤Г╨║╨░╨╖╨░╨╜╨╜╤Л╨
╣ ╨╝╨╛╨┤╤Г╨╗╤М.

(process:14012): VIPS-WARNING **: 12:15:42.337: unable to load "C:\Ruby34-x64\msys64\ucrt64/lib/vips-modules-8.17\vips-
openslide.dll" -- 'C:\Ruby34-x64\msys64\ucrt64/lib/vips-modules-8.17\vips-openslide.dll': ╨Э╨╡ ╨╜╨░╨╣╨┤╨╡╨╜ ╤Г╨║╨░╨╖╨░╨
╜╨╜╤Л╨╣ ╨╝╨╛╨┤╤Г╨╗╤М.

(process:14012): VIPS-WARNING **: 12:15:42.338: unable to load "C:\Ruby34-x64\msys64\ucrt64/lib/vips-modules-8.17\vips-
poppler.dll" -- 'C:\Ruby34-x64\msys64\ucrt64/lib/vips-modules-8.17\vips-poppler.dll': ╨Э╨╡ ╨╜╨░╨╣╨┤╨╡╨╜ ╤Г╨║╨░╨╖╨░╨╜╨╜╤
Л╨╣ ╨╝╨╛╨┤╤Г╨╗╤М.
C:/Ruby34-x64/lib/ruby/gems/3.4.0/gems/reline-0.6.3/lib/reline/io/windows.rb:1: warning: C:/Ruby34-x64/lib/ruby/3.4.0/f
iddle/import.rb is found in fiddle, which will no longer be part of the default gems starting from Ruby 4.0.0.
You can add fiddle to your Gemfile or gemspec to silence this warning.
Also please contact the author of reline-0.6.3 to request adding fiddle into its gemspec.

Randomized with seed 4374
......F..FF..FFFF..FFFFFFF.*.......FFFF..FFFFFF..........FFFFF

Pending: (Failures listed here are expected and do not affect your suite's status)

  1) AdminUser add some examples to (or delete) C:/Projects/ruby-donate/spec/models/admin_user_spec.rb
     # Not yet implemented
     # ./spec/models/admin_user_spec.rb:6

Failures:

  1) User validations 
     Failure/Error: it { is_expected.to validate_inclusion_of(:role).in_array(User::ROLES) }

     NoMethodError:
       undefined method 'validate_inclusion_of' for #<RSpec::ExampleGroups::User::Validations:0x0000022c283783a8>
     # ./spec/models/user_spec.rb:9:in 'block (3 levels) in <top (required)>'

  2) User validations 
     Failure/Error: it { is_expected.to validate_presence_of(:email) }

     NoMethodError:
       undefined method 'validate_presence_of' for #<RSpec::ExampleGroups::User::Validations:0x0000022c21818f40>
     # ./spec/models/user_spec.rb:7:in 'block (3 levels) in <top (required)>'

  3) User validations 
     Failure/Error: it { is_expected.to validate_uniqueness_of(:email) }

     NoMethodError:
       undefined method 'validate_uniqueness_of' for #<RSpec::ExampleGroups::User::Validations:0x0000022c21811420>
     # ./spec/models/user_spec.rb:8:in 'block (3 levels) in <top (required)>'

  4) User associations is expected to have many :comments
     Failure/Error: it { is_expected.to have_many(:comments) }
       expected #<User id: nil, biography: nil, created_at: nil, discarded_at: nil, email: nil, first_name: nil, last_name: nil, location: nil, organization_name: nil, role: "individual", updated_at: nil> to respond to `has_many?`
     # ./spec/models/user_spec.rb:32:in 'block (3 levels) in <top (required)>'

  5) User associations is expected to have many :news_items
     Failure/Error: it { is_expected.to have_many(:news_items) }
       expected #<User id: nil, biography: nil, created_at: nil, discarded_at: nil, email: nil, first_name: nil, last_name: nil, location: nil, organization_name: nil, role: "individual", updated_at: nil> to respond to `has_many?`
     # ./spec/models/user_spec.rb:31:in 'block (3 levels) in <top (required)>'

  6) User associations is expected to have many :fundraisers
     Failure/Error: it { is_expected.to have_many(:fundraisers) }
       expected #<User id: nil, biography: nil, created_at: nil, discarded_at: nil, email: nil, first_name: nil, last_name: nil, location: nil, organization_name: nil, role: "individual", updated_at: nil> to respond to `has_many?`
     # ./spec/models/user_spec.rb:30:in 'block (3 levels) in <top (required)>'

  7) User associations is expected to have many :tickets
     Failure/Error: it { is_expected.to have_many(:tickets) }
       expected #<User id: nil, biography: nil, created_at: nil, discarded_at: nil, email: nil, first_name: nil, last_name: nil, location: nil, organization_name: nil, role: "individual", updated_at: nil> to respond to `has_many?`
     # ./spec/models/user_spec.rb:29:in 'block (3 levels) in <top (required)>'

  8) Ticket validations 
     Failure/Error: it { is_expected.to validate_presence_of(:description) }

     NoMethodError:
       undefined method 'validate_presence_of' for #<RSpec::ExampleGroups::Ticket::Validations:0x0000022c28656f20>
     # ./spec/models/ticket_spec.rb:8:in 'block (3 levels) in <top (required)>'

  9) Ticket validations 
     Failure/Error: it { is_expected.to validate_inclusion_of(:ticket_type).in_array(Ticket::TICKET_TYPES) }

     NoMethodError:
       undefined method 'validate_inclusion_of' for #<RSpec::ExampleGroups::Ticket::Validations:0x0000022c1e9c1fe8>
     # ./spec/models/ticket_spec.rb:10:in 'block (3 levels) in <top (required)>'

  10) Ticket validations 
      Failure/Error: it { is_expected.to validate_presence_of(:title) }

      NoMethodError:
        undefined method 'validate_presence_of' for #<RSpec::ExampleGroups::Ticket::Validations:0x0000022c1e7da798>
      # ./spec/models/ticket_spec.rb:7:in 'block (3 levels) in <top (required)>'

  11) Ticket validations 
      Failure/Error: it { is_expected.to validate_presence_of(:location) }

      NoMethodError:
        undefined method 'validate_presence_of' for #<RSpec::ExampleGroups::Ticket::Validations:0x0000022c1e7d0518>
      # ./spec/models/ticket_spec.rb:9:in 'block (3 levels) in <top (required)>'

  12) Ticket associations 
      Failure/Error: it { is_expected.to belong_to(:author).class_name("User") }

      NoMethodError:
        undefined method 'belong_to' for #<RSpec::ExampleGroups::Ticket::Associations:0x0000022c286b4788>
      # ./spec/models/ticket_spec.rb:14:in 'block (3 levels) in <top (required)>'

  13) Ticket associations 
      Failure/Error: it { is_expected.to belong_to(:category) }

      NoMethodError:
        undefined method 'belong_to' for #<RSpec::ExampleGroups::Ticket::Associations:0x0000022c1d7a6368>
      # ./spec/models/ticket_spec.rb:15:in 'block (3 levels) in <top (required)>'

  14) Ticket associations 
      Failure/Error: it { is_expected.to have_many(:comments).dependent(:destroy) }

      NoMethodError:
        undefined method 'dependent' for an instance of RSpec::Matchers::BuiltIn::Has
      # ./spec/models/ticket_spec.rb:16:in 'block (3 levels) in <top (required)>'

  15) Comment validations 
      Failure/Error: it { is_expected.to validate_length_of(:body).is_at_most(2000) }

      NoMethodError:
        undefined method 'validate_length_of' for #<RSpec::ExampleGroups::Comment::Validations:0x0000022c28d27138>
      # ./spec/models/comment_spec.rb:8:in 'block (3 levels) in <top (required)>'

  16) Comment validations 
      Failure/Error: it { is_expected.to validate_presence_of(:body) }

      NoMethodError:
        undefined method 'validate_presence_of' for #<RSpec::ExampleGroups::Comment::Validations:0x0000022c28d0c090>
      # ./spec/models/comment_spec.rb:7:in 'block (3 levels) in <top (required)>'

  17) Comment associations 
      Failure/Error: it { is_expected.to belong_to(:user) }

      NoMethodError:
        undefined method 'belong_to' for #<RSpec::ExampleGroups::Comment::Associations:0x0000022c28d44440>
      # ./spec/models/comment_spec.rb:12:in 'block (3 levels) in <top (required)>'

  18) Comment associations 
      Failure/Error: it { is_expected.to belong_to(:ticket) }

      NoMethodError:
        undefined method 'belong_to' for #<RSpec::ExampleGroups::Comment::Associations:0x0000022c28d064b0>
      # ./spec/models/comment_spec.rb:13:in 'block (3 levels) in <top (required)>'

  19) Fundraiser validations 
      Failure/Error: it { is_expected.to validate_inclusion_of(:currency).in_array(Fundraiser::CURRENCIES) }

      NoMethodError:
        undefined method 'validate_inclusion_of' for #<RSpec::ExampleGroups::Fundraiser::Validations:0x0000022c28f2abd8>
      # ./spec/models/fundraiser_spec.rb:10:in 'block (3 levels) in <top (required)>'

  20) Fundraiser validations 
      Failure/Error: it { is_expected.to validate_presence_of(:title) }

      NoMethodError:
        undefined method 'validate_presence_of' for #<RSpec::ExampleGroups::Fundraiser::Validations:0x0000022c28ec6c28>
      # ./spec/models/fundraiser_spec.rb:7:in 'block (3 levels) in <top (required)>'

  21) Fundraiser validations 
      Failure/Error: it { is_expected.to validate_numericality_of(:total).is_greater_than(0) }

      NoMethodError:
        undefined method 'validate_numericality_of' for #<RSpec::ExampleGroups::Fundraiser::Validations:0x0000022c28ec4068>
      # ./spec/models/fundraiser_spec.rb:8:in 'block (3 levels) in <top (required)>'

  22) Fundraiser validations 
      Failure/Error: it { is_expected.to validate_numericality_of(:raised).is_greater_than_or_equal_to(0) }

      NoMethodError:
        undefined method 'validate_numericality_of' for #<RSpec::ExampleGroups::Fundraiser::Validations:0x0000022c28ec14a8>
      # ./spec/models/fundraiser_spec.rb:9:in 'block (3 levels) in <top (required)>'

  23) Fundraiser scopes filters by currency
      Failure/Error: create(:fundraiser, :usd)

      ActiveRecord::RecordNotUnique:
        PG::UniqueViolation: ╨Я╨Ю╨Ь╨Ш╨Ы╨Ъ╨Р:  ╨┐╨╛╨▓╤В╨╛╤А╤О╨▓╨░╨╜╤Ц ╨╖╨╜╨░╤З╨╡╨╜╨╜╤П ╨║╨╗╤О╤З╨░ ╨┐╨╛╤А╤Г╤И╤Г╤О╤В╤М ╨╛╨▒╨╝╨╡╨╢╨╡╨╜╨╜╤П ╤Г╨╜╤Ц╨║╨░╨╗╤М╨╜╨╛╤Б╤В╤Ц "index_users_on_organization_name"
        DETAIL:  ╨Ъ╨╗╤О╤З (organization_name)=(Test Org) ╨▓╨╢╨╡ ╤Ц╤Б╨╜╤Г╤Ф.
      # ./spec/models/fundraiser_spec.rb:20:in 'block (3 levels) in <top (required)>'
      # ------------------
      # --- Caused by: ---
      # PG::UniqueViolation:
      #   ╨Я╨Ю╨Ь╨Ш╨Ы╨Ъ╨Р:  ╨┐╨╛╨▓╤В╨╛╤А╤О╨▓╨░╨╜╤Ц ╨╖╨╜╨░╤З╨╡╨╜╨╜╤П ╨║╨╗╤О╤З╨░ ╨┐╨╛╤А╤Г╤И╤Г╤О╤В╤М ╨╛╨▒╨╝╨╡╨╢╨╡╨╜╨╜╤П ╤Г╨╜╤Ц╨║╨░╨╗╤М╨╜╨╛╤Б╤В╤Ц "index_users_on_organization_name"
      #   DETAIL:  ╨Ъ╨╗╤О╤З (organization_name)=(Test Org) ╨▓╨╢╨╡ ╤Ц╤Б╨╜╤Г╤Ф.
      #   ./spec/models/fundraiser_spec.rb:20:in 'block (3 levels) in <top (required)>'

  24) Fundraiser associations 
      Failure/Error: it { is_expected.to belong_to(:author).class_name("User") }

      NoMethodError:
        undefined method 'belong_to' for #<RSpec::ExampleGroups::Fundraiser::Associations:0x0000022c29055af8>
      # ./spec/models/fundraiser_spec.rb:14:in 'block (3 levels) in <top (required)>'

  25) Category validations validates uniqueness of title
      Failure/Error: expect(build(:category, title: "Medical")).not_to be_valid
        expected #<Category id: nil, title: "Medical"> not to be valid
      # ./spec/models/category_spec.rb:13:in 'block (3 levels) in <top (required)>'

  26) NewsItem associations 
      Failure/Error: it { is_expected.to belong_to(:author).class_name("User") }

      NoMethodError:
        undefined method 'belong_to' for #<RSpec::ExampleGroups::NewsItem::Associations:0x0000022c29609bc0>
      # ./spec/models/news_item_spec.rb:12:in 'block (3 levels) in <top (required)>'

  27) NewsItem scopes filters by kind
      Failure/Error: create(:news_item, :event)

      ActiveRecord::RecordNotUnique:
        PG::UniqueViolation: ╨Я╨Ю╨Ь╨Ш╨Ы╨Ъ╨Р:  ╨┐╨╛╨▓╤В╨╛╤А╤О╨▓╨░╨╜╤Ц ╨╖╨╜╨░╤З╨╡╨╜╨╜╤П ╨║╨╗╤О╤З╨░ ╨┐╨╛╤А╤Г╤И╤Г╤О╤В╤М ╨╛╨▒╨╝╨╡╨╢╨╡╨╜╨╜╤П ╤Г╨╜╤Ц╨║╨░╨╗╤М╨╜╨╛╤Б╤В╤Ц "index_users_on_organization_name"
        DETAIL:  ╨Ъ╨╗╤О╤З (organization_name)=(Test Org) ╨▓╨╢╨╡ ╤Ц╤Б╨╜╤Г╤Ф.
      # ./spec/models/news_item_spec.rb:18:in 'block (3 levels) in <top (required)>'
      # ------------------
      # --- Caused by: ---
      # PG::UniqueViolation:
      #   ╨Я╨Ю╨Ь╨Ш╨Ы╨Ъ╨Р:  ╨┐╨╛╨▓╤В╨╛╤А╤О╨▓╨░╨╜╤Ц ╨╖╨╜╨░╤З╨╡╨╜╨╜╤П ╨║╨╗╤О╤З╨░ ╨┐╨╛╤А╤Г╤И╤Г╤О╤В╤М ╨╛╨▒╨╝╨╡╨╢╨╡╨╜╨╜╤П ╤Г╨╜╤Ц╨║╨░╨╗╤М╨╜╨╛╤Б╤В╤Ц "index_users_on_organization_name"
      #   DETAIL:  ╨Ъ╨╗╤О╤З (organization_name)=(Test Org) ╨▓╨╢╨╡ ╤Ц╤Б╨╜╤Г╤Ф.
      #   ./spec/models/news_item_spec.rb:18:in 'block (3 levels) in <top (required)>'

  28) NewsItem validations 
      Failure/Error: it { is_expected.to validate_presence_of(:description) }

      NoMethodError:
        undefined method 'validate_presence_of' for #<RSpec::ExampleGroups::NewsItem::Validations:0x0000022c297273b8>
      # ./spec/models/news_item_spec.rb:8:in 'block (3 levels) in <top (required)>'

  29) NewsItem validations 
      Failure/Error: it { is_expected.to validate_presence_of(:title) }

      NoMethodError:
        undefined method 'validate_presence_of' for #<RSpec::ExampleGroups::NewsItem::Validations:0x0000022c2974c640>
      # ./spec/models/news_item_spec.rb:7:in 'block (3 levels) in <top (required)>'

Finished in 0.84239 seconds (files took 18.37 seconds to load)
62 examples, 29 failures, 1 pending

Failed examples:

rspec ./spec/models/user_spec.rb:9 # User validations 
rspec ./spec/models/user_spec.rb:7 # User validations 
rspec ./spec/models/user_spec.rb:8 # User validations 
rspec ./spec/models/user_spec.rb:32 # User associations is expected to have many :comments
rspec ./spec/models/user_spec.rb:31 # User associations is expected to have many :news_items
rspec ./spec/models/user_spec.rb:30 # User associations is expected to have many :fundraisers
rspec ./spec/models/user_spec.rb:29 # User associations is expected to have many :tickets
rspec ./spec/models/ticket_spec.rb:8 # Ticket validations 
rspec ./spec/models/ticket_spec.rb:10 # Ticket validations 
rspec ./spec/models/ticket_spec.rb:7 # Ticket validations 
rspec ./spec/models/ticket_spec.rb:9 # Ticket validations 
rspec ./spec/models/ticket_spec.rb:14 # Ticket associations 
rspec ./spec/models/ticket_spec.rb:15 # Ticket associations 
rspec ./spec/models/ticket_spec.rb:16 # Ticket associations 
rspec ./spec/models/comment_spec.rb:8 # Comment validations 
rspec ./spec/models/comment_spec.rb:7 # Comment validations 
rspec ./spec/models/comment_spec.rb:12 # Comment associations 
rspec ./spec/models/comment_spec.rb:13 # Comment associations 
rspec ./spec/models/fundraiser_spec.rb:10 # Fundraiser validations 
rspec ./spec/models/fundraiser_spec.rb:7 # Fundraiser validations 
rspec ./spec/models/fundraiser_spec.rb:8 # Fundraiser validations 
rspec ./spec/models/fundraiser_spec.rb:9 # Fundraiser validations 
rspec ./spec/models/fundraiser_spec.rb:18 # Fundraiser scopes filters by currency
rspec ./spec/models/fundraiser_spec.rb:14 # Fundraiser associations 
rspec ./spec/models/category_spec.rb:11 # Category validations validates uniqueness of title
rspec ./spec/models/news_item_spec.rb:12 # NewsItem associations 
rspec ./spec/models/news_item_spec.rb:16 # NewsItem scopes filters by kind
rspec ./spec/models/news_item_spec.rb:8 # NewsItem validations 
rspec ./spec/models/news_item_spec.rb:7 # NewsItem validations 

Randomized with seed 4374

Coverage report generated for RSpec to C:/Projects/ruby-donate/coverage.
Line Coverage: 18.07% (242 / 1339)
Stopped processing SimpleCov as a previous error not related to SimpleCov has been detected
